C:\Users\Administrator.DEMO\Documents\GitHub\test>pip list
Package            Version
------------------ ---------
certifi            2021.10.8
charset-normalizer 2.0.9
et-xmlfile         1.1.0
idna               3.3
marshmallow        3.14.1
netapp-ontap       9.9.1.0
numpy              1.22.0
openpyxl           3.0.9
pandas             1.3.5
pip                21.2.4
python-dateutil    2.8.2
pytz               2021.3
requests           2.26.0
requests-toolbelt  0.9.1
setuptools         58.1.0
six                1.16.0
urllib3            1.26.7
WARNING: You are using pip version 21.2.4; however, version 21.3.1 is available.
You should consider upgrading via the 'C:\Program Files\Python39\python.exe -m pip install --upgrade pip' command.

C:\Users\Administrator.DEMO\Documents\GitHub\test>python -m uninstall openpyxl
Could not import runpy module
Traceback (most recent call last):
  File "C:\Program Files\Python39\lib\runpy.py", line 15, in <module>
    import importlib.util
  File "C:\Program Files\Python39\lib\importlib\util.py", line 2, in <module>
    from . import abc
  File "C:\Program Files\Python39\lib\importlib\abc.py", line 17, in <module>
    from typing import Protocol, runtime_checkable
  File "C:\Program Files\Python39\lib\typing.py", line 26, in <module>
    import re as stdlib_re  # Avoid confusion with the re we export.
  File "C:\Users\Administrator.DEMO\Documents\GitHub\test\re.py", line 1, in <module>
    import openpyxl
  File "C:\Program Files\Python39\lib\site-packages\openpyxl\__init__.py", line 4, in <module>
    from openpyxl.compat.numbers import NUMPY
  File "C:\Program Files\Python39\lib\site-packages\openpyxl\compat\__init__.py", line 3, in <module>
    from .numbers import NUMERIC_TYPES
  File "C:\Program Files\Python39\lib\site-packages\openpyxl\compat\numbers.py", line 9, in <module>
    import numpy
  File "C:\Program Files\Python39\lib\site-packages\numpy\__init__.py", line 142, in <module>
    from . import _distributor_init
  File "C:\Program Files\Python39\lib\site-packages\numpy\_distributor_init.py", line 9, in <module>
    import glob
  File "C:\Program Files\Python39\lib\glob.py", line 149, in <module>
    magic_check = re.compile('([*?[])')
AttributeError: partially initialized module 're' has no attribute 'compile' (most likely due to a circular import)

C:\Users\Administrator.DEMO\Documents\GitHub\test>pip uninstall openpyxl
Found existing installation: openpyxl 3.0.9
Uninstalling openpyxl-3.0.9:
  Would remove:
    c:\program files\python39\lib\site-packages\openpyxl-3.0.9.dist-info\*
    c:\program files\python39\lib\site-packages\openpyxl\*
Proceed (Y/n)? y
  Successfully uninstalled openpyxl-3.0.9

C:\Users\Administrator.DEMO\Documents\GitHub\test>pip uninstall pandas
Found existing installation: pandas 1.3.5
Uninstalling pandas-1.3.5:
  Would remove:
    c:\program files\python39\lib\site-packages\pandas-1.3.5.dist-info\*
    c:\program files\python39\lib\site-packages\pandas\*
Proceed (Y/n)? y
  Successfully uninstalled pandas-1.3.5

C:\Users\Administrator.DEMO\Documents\GitHub\test>pip uninstall setuptools
Found existing installation: setuptools 58.1.0
Uninstalling setuptools-58.1.0:
  Would remove:
    c:\program files\python39\lib\site-packages\_distutils_hack\*
    c:\program files\python39\lib\site-packages\distutils-precedence.pth
    c:\program files\python39\lib\site-packages\pkg_resources\*
    c:\program files\python39\lib\site-packages\setuptools-58.1.0.dist-info\*
    c:\program files\python39\lib\site-packages\setuptools\*
Proceed (Y/n)? y
  Successfully uninstalled setuptools-58.1.0

C:\Users\Administrator.DEMO\Documents\GitHub\test>pip install setuptools
Collecting setuptools
  Downloading setuptools-60.2.0-py3-none-any.whl (953 kB)
     |████████████████████████████████| 953 kB 6.4 MB/s
Installing collected packages: setuptools
Successfully installed setuptools-60.2.0
WARNING: You are using pip version 21.2.4; however, version 21.3.1 is available.
You should consider upgrading via the 'C:\Program Files\Python39\python.exe -m pip install --upgrade pip' command.

C:\Users\Administrator.DEMO\Documents\GitHub\test>pip install openpyxl
Collecting openpyxl
  Using cached openpyxl-3.0.9-py2.py3-none-any.whl (242 kB)
Requirement already satisfied: et-xmlfile in c:\program files\python39\lib\site-packages (from openpyxl) (1.1.0)
Installing collected packages: openpyxl
Successfully installed openpyxl-3.0.9
WARNING: You are using pip version 21.2.4; however, version 21.3.1 is available.
You should consider upgrading via the 'C:\Program Files\Python39\python.exe -m pip install --upgrade pip' command.

C:\Users\Administrator.DEMO\Documents\GitHub\test>pip install pandas
Collecting pandas
  Using cached pandas-1.3.5-cp39-cp39-win_amd64.whl (10.2 MB)
Requirement already satisfied: numpy>=1.17.3 in c:\program files\python39\lib\site-packages (from pandas) (1.22.0)
Requirement already satisfied: pytz>=2017.3 in c:\program files\python39\lib\site-packages (from pandas) (2021.3)
Requirement already satisfied: python-dateutil>=2.7.3 in c:\program files\python39\lib\site-packages (from pandas) (2.8.2)
Requirement already satisfied: six>=1.5 in c:\program files\python39\lib\site-packages (from python-dateutil>=2.7.3->pandas) (1.16.0)
Installing collected packages: pandas
Successfully installed pandas-1.3.5
WARNING: You are using pip version 21.2.4; however, version 21.3.1 is available.
You should consider upgrading via the 'C:\Program Files\Python39\python.exe -m pip install --upgrade pip' command.

C:\Users\Administrator.DEMO\Documents\GitHub\test>py sam.py -u u -p p
Traceback (most recent call last):
  File "C:\Users\Administrator.DEMO\Documents\GitHub\test\sam.py", line 54, in <module>
    cons_df = find_clstr()
  File "C:\Users\Administrator.DEMO\Documents\GitHub\test\sam.py", line 17, in find_clstr
    usr_df = pd.read_excel(usr_data)
  File "C:\Program Files\Python39\lib\site-packages\pandas\util\_decorators.py", line 311, in wrapper
    return func(*args, **kwargs)
  File "C:\Program Files\Python39\lib\site-packages\pandas\io\excel\_base.py", line 364, in read_excel
    io = ExcelFile(io, storage_options=storage_options, engine=engine)
  File "C:\Program Files\Python39\lib\site-packages\pandas\io\excel\_base.py", line 1191, in __init__
    ext = inspect_excel_format(
  File "C:\Program Files\Python39\lib\site-packages\pandas\io\excel\_base.py", line 1070, in inspect_excel_format
    with get_handle(
  File "C:\Program Files\Python39\lib\site-packages\pandas\io\common.py", line 711, in get_handle
    handle = open(handle, ioargs.mode)
FileNotFoundError: [Errno 2] No such file or directory: 'C:\\Users\\Administrator.DEMO\\Documents\\GitHub\\test\\test\\svmvol.xlsx'

C:\Users\Administrator.DEMO\Documents\GitHub\test>py sam.py -u u -p p
Traceback (most recent call last):
  File "C:\Users\Administrator.DEMO\Documents\GitHub\test\sam.py", line 54, in <module>
    cons_df = find_clstr()
  File "C:\Users\Administrator.DEMO\Documents\GitHub\test\sam.py", line 17, in find_clstr
    usr_df = pd.read_excel(usr_data)
  File "C:\Program Files\Python39\lib\site-packages\pandas\util\_decorators.py", line 311, in wrapper
    return func(*args, **kwargs)
  File "C:\Program Files\Python39\lib\site-packages\pandas\io\excel\_base.py", line 364, in read_excel
    io = ExcelFile(io, storage_options=storage_options, engine=engine)
  File "C:\Program Files\Python39\lib\site-packages\pandas\io\excel\_base.py", line 1191, in __init__
    ext = inspect_excel_format(
  File "C:\Program Files\Python39\lib\site-packages\pandas\io\excel\_base.py", line 1070, in inspect_excel_format
    with get_handle(
  File "C:\Program Files\Python39\lib\site-packages\pandas\io\common.py", line 711, in get_handle
    handle = open(handle, ioargs.mode)
FileNotFoundError: [Errno 2] No such file or directory: 'C:\\Users\\Administrator.DEMO\\Documents\\GitHub\\test\\test\\svmvol.xlsx'

C:\Users\Administrator.DEMO\Documents\GitHub\test>py sam.py -u u -p p
  clstr_match            Vol_Name       SVM_Name
0    cluster1            sql1_db1  svm1_cluster1
1    cluster1            sql1_log  svm1_cluster1
2    cluster1      sql1_system_db  svm1_cluster1
3    cluster1  svm1_cluster1_root  svm1_cluster1
4    cluster2       sql1_db1_dest  svm1_cluster2
5    cluster2       sql1_log_dest  svm1_cluster2
